// Jest Snapshot v1, https://goo.gl/fbAQLP

exports[`Button has valid snapshot 1`] = `
<button
  className=""
  type="button"
/>
`;

exports[`Search has valid snapshot 1`] = `
<form>
  <input
    maxLength="15"
    type="text"
  />
  <button
    className="btn-search"
    type="submit"
  >
    Submit
  </button>
</form>
`;
